   Compiling rollball-runtime v0.1.0 (F:\work\tranxon\rollball-ai\core\rollball-runtime)
   Compiling rollball-gateway v0.1.0 (F:\work\tranxon\rollball-ai\core\rollball-gateway)
    Finished `test` profile [unoptimized + debuginfo] target(s) in 26.92s
     Running unittests src\lib.rs (F:\work\tranxon\rollball-ai\target\debug\deps\rollball_runtime-b23babcabb5f01bd.exe)

running 356 tests
test agent::budget_guard::tests::test_unlimited_budget ... ok
test agent::budget_guard::tests::test_check_allowed ... ok
test agent::budget_guard::tests::test_check_exceeded_tokens ... ok
test agent::history::tests::test_estimate_tokens ... ok
test agent::budget_guard::tests::test_update_usage ... ok
test agent::history::tests::test_emergency_trim ... ok
test agent::history::tests::test_append_and_count ... ok
test agent::history::tests::test_fold_tool_results ... ok
test agent::history::tests::test_fifo_trim ... ok
test agent::history::tests::test_sanitize_removes_empty_assistant_message ... ok
test agent::history::tests::test_sanitize_clears_tool_calls_when_all_orphaned ... ok
test agent::history::tests::test_sanitize_preserves_order ... ok
test agent::history::tests::test_sanitize_fixes_invalid_arguments ... ok
test agent::history::tests::test_sanitize_removes_orphaned_tool_call ... ok
test agent::history::tests::test_sanitize_is_idempotent ... ok
test agent::history::tests::test_sanitize_removes_orphaned_tool_result ... ok
test agent::context::tests::test_context_builder_with_identity ... ok
test agent::context::tests::test_context_builder_basic ... ok
test agent::inbound::tests::test_enforce_size_limit_oversized_user_message ... ok
test agent::inbound::tests::test_truncate_to_bytes_ascii ... ok
test agent::inbound::tests::test_enforce_size_limit_utf8_safe_truncation ... ok
test agent::inbound::tests::test_enforce_size_limit_small_message ... ok
test agent::inbound::tests::test_truncate_to_bytes_emoji ... ok
test agent::inbound::tests::test_inbound_message_serde_roundtrip ... ok
test agent::inbound::tests::test_truncate_to_bytes_utf8_multibyte ... ok
test agent::inbound::tests::test_enforce_size_limit_system_notification ... ok
test agent::inbound::tests::test_enforce_size_limit_intent_message ... ok
test agent::loop_::tests::test_agent_loop_with_gateway_client ... ok
test agent::loop_::tests::test_agent_loop_without_gateway_client ... ok
test agent::loop_::tests::test_inbound_queue_full_backpressure ... ok
test agent::loop_::tests::test_agent_loop_standalone_no_panic ... ok
test agent::loop_::tests::test_stream_content_accumulation ... ok
test agent::loop_::tests::test_inbound_drain_nonblocking ... ok
test agent::loop_::tests::test_inbound_user_message ... ok
test agent::loop_::tests::test_stream_error_propagation ... ok
test agent::loop_::tests::test_inbound_intent_message ... ok
test agent::loop_::tests::test_stream_empty_content ... ok
test agent::loop_::tests::test_inbound_concurrent_injection ... ok
test agent::loop_::tests::test_stream_history_append ... ok
test agent::loop_::tests::test_stream_finished_event ... ok
test agent::loop_::tests::test_inbound_system_notification ... ok
test agent::loop_::tests::test_stream_usage_tracking ... ok
test agent::loop_::tests::test_stream_content_then_tool_call ... ok
test agent::loop_::tests::test_stream_tool_call_detection ... ok
test agent::loop_::tests::test_tool_permission_check_sequential ... ok
test agent::loop_::tests::test_permission_partial_denial ... ok
test agent::loop_detector::tests::test_reset ... ok
test agent::loop_detector::tests::test_exact_repeat_warning ... ok
test agent::loop_detector::tests::test_no_loop_different_tools ... ok
test agent::loop_detector::tests::test_exact_repeat_escalation ... ok
test agent::loop_detector::tests::test_simple_hash_deterministic ... ok
test agent::loop_::tests::test_tool_single_failure_no_shortcircuit ... ok
test agent::loop_::tests::test_tool_results_order_preserved ... ok
test cli::tests::test_gateway_client_connection_failure_graceful ... ok
test cli::tests::test_cli_gateway_socket_arg ... ok
test conversation::tests::test_generate_session_id ... ok
test embedding::remote::tests::test_remote_provider_no_key ... ok
test embedding::remote::tests::test_remote_provider_availability_with_key ... ok
test embedding::remote::tests::test_remote_provider_creation ... ok
test embedding::remote::tests::test_remote_provider_batch_empty ... ok
test embedding::remote::tests::test_remote_provider_availability_no_key ... ok
test embedding::remote::tests::test_remote_provider_custom ... ok
test embedding::remote::tests::test_remote_provider_empty_input ... ok
test ipc::client::tests::test_gateway_client_next_id ... ok
test ipc::client::tests::test_gateway_client_disconnect ... ok
test ipc::client::tests::test_gateway_client_normalize_endpoint ... ok
test ipc::client::tests::test_gateway_client_not_connected ... ok
test ipc::client::tests::test_gateway_client_not_connected_request ... ok
test ipc::client::tests::test_pending_report_buffering ... ok
test ipc::transport::tests::test_classify_named_pipe ... ok
test ipc::transport::tests::test_classify_unix_socket ... ok
test ipc::transport::tests::test_normalize_pipe_endpoint ... ok
test ipc::transport::tests::test_normalize_unix_endpoint ... ok
test memory::manager::tests::test_config_defaults ... ok
test memory::manager::tests::test_inject_empty ... ok
test memory::manager::tests::test_inject_normal ... ok
test memory::manager::tests::test_manager_new ... ok
test memory::manager::tests::test_inject_truncation ... ok
test memory::manager::tests::test_retrieve_empty ... ok
test memory::manager::tests::test_record_conversation ... ok
test memory::manager::tests::test_retrieve_abstention ... ok
test conversation::tests::test_find_latest_session ... ok
test memory::manager::tests::test_process_turn_abstention ... ok
test memory::manager::tests::test_retrieve_no_embedding_fallback ... ok
test memory::manager::tests::test_process_turn ... ok
test memory::manager::tests::test_retrieve_normal ... ok
test package::loader::tests::test_load_package_nonexistent_path ... ok
test providers::anthropic::tests::test_convert_messages_basic ... ok
test providers::anthropic::tests::test_convert_messages_tool_result ... ok
test providers::anthropic::tests::test_convert_messages_with_tool_calls ... ok
test providers::anthropic::tests::test_convert_tools ... ok
test providers::anthropic::tests::test_convert_tools_none ... ok
test providers::anthropic::tests::test_parse_response_text_only ... ok
test providers::anthropic::tests::test_parse_response_with_tool_use ... ok
test providers::anthropic::tests::test_parse_sse_content_delta ... ok
test providers::anthropic::tests::test_parse_sse_tool_input_delta ... ok
test agent::history::tests::test_truncate_large_messages ... ok
test providers::anthropic::tests::test_parse_sse_tool_use_start ... ok
test conversation::tests::test_read_messages_paginated ... ok
test providers::anthropic::tests::test_set_api_key ... ok
test providers::anthropic::tests::test_provider_creation ... ok
test providers::ollama::tests::test_convert_messages ... ok
test providers::ollama::tests::test_ollama_provider_creation ... ok
test providers::ollama::tests::test_ollama_provider_custom_url ... ok
test providers::openai::tests::test_convert_messages_basic ... ok
test providers::openai::tests::test_convert_messages_with_tool_calls ... ok
test package::prompt_builder::tests::test_build_system_prompt_empty_dir ... ok
test providers::openai::tests::test_convert_tools_fallback_when_parameters_missing ... ok
test providers::anthropic::tests::test_token_count_cjk ... ok
test providers::anthropic::tests::test_token_count_estimation ... ok
test providers::openai::tests::test_parse_response ... ok
test providers::openai::tests::test_convert_tools_reads_parameters_field ... ok
test providers::openai::tests::test_provider_creation ... ok
test providers::registry::tests::test_capability_query ... ok
test providers::registry::tests::test_default_capabilities_claude ... ok
test providers::registry::tests::test_build_reliable_provider ... ok
test providers::registry::tests::test_default_capabilities_gpt4 ... ok
test providers::registry::tests::test_default_capabilities_gpt4o ... ok
test providers::registry::tests::test_model_capability_display ... ok
test package::loader::tests::test_load_manifest_missing ... ok
test providers::registry::tests::test_find_providers_for_model ... ok
test package::loader::tests::test_has_signing_block ... ok
test providers::registry::tests::test_register_provider ... ok
test providers::registry::tests::test_routing_strategy_display ... ok
test providers::registry::tests::test_routing_strategy_parse ... ok
test providers::reliable::tests::test_backoff_fixed ... ok
test providers::reliable::tests::test_backoff_exponential ... ok
test providers::reliable::tests::test_is_balance_exhausted ... ok
test providers::registry::tests::test_unregister_provider ... ok
test providers::reliable::tests::test_is_retryable ... ok
test providers::router::tests::test_create_anthropic_provider ... ok
test providers::router::tests::test_create_claude_provider ... ok
test providers::router::tests::test_create_ollama_provider ... ok
test providers::router::tests::test_create_openai_provider ... ok
test providers::router::tests::test_create_deepseek_provider ... ok
test security::approval_gate::tests::test_approval_request_serialization ... ok
test security::approval_gate::tests::test_approval_response_equality ... ok
test security::approval_gate::tests::test_auto_approve_gate ... ok
test security::approval_gate::tests::test_cli_gate_auto_approve_mode ... ok
test security::approval_gate::tests::test_auto_reject_gate ... ok
test security::audit_log::tests::test_audit_entry_creation ... ok
test security::audit_log::tests::test_audit_entry_pretty_json ... ok
test security::audit_log::tests::test_audit_entry_json ... ok
test security::audit_log::tests::test_audit_logger_read_nonexistent ... ok
test security::file_provenance::tests::test_file_source_downloaded ... ok
test security::file_provenance::tests::test_file_source_preexisting_not_high_risk ... ok
test security::file_provenance::tests::test_file_source_serialization ... ok
test package::loader::tests::test_list_skill_files ... ok
test package::loader::tests::test_list_prompt_files ... ok
test security::audit_log::tests::test_audit_logger_write_and_read ... ok
test package::loader::tests::test_load_package_from_directory ... ok
test package::prompt_builder::tests::test_build_system_prompt_with_files ... ok
test security::file_provenance::tests::test_lookup_relative_path ... ok
test security::file_provenance::tests::test_lookup_filename_fallback ... ok
test security::file_provenance::tests::test_file_provenance_tracker ... ok
test security::fs_watcher::tests::test_fs_event_debug ... ok
test security::file_provenance::tests::test_lookup_exact_path ... ok
test security::fs_watcher::tests::test_is_executable_script ... ok
test security::file_provenance::tests::test_lookup_not_found ... ok
test security::fs_watcher::tests::test_permissions_changed_event ... ok
test security::file_provenance::tests::test_store_batch_record ... ok
test security::fs_watcher::tests::test_symlink_event ... ok
test security::file_provenance::tests::test_store_list_high_risk ... ok
test security::shell_risk::tests::test_assess_shell_risk_blocked_stays_blocked ... ok
test security::shell_risk::tests::test_assess_shell_risk_created_by_tool_keeps_base ... ok
test security::file_provenance::tests::test_store_missing_file ... ok
test security::file_provenance::tests::test_store_record_overwrite ... ok
test security::shell_risk::tests::test_assess_shell_risk_downloaded_file_elevated ... ok
test security::shell_risk::tests::test_assess_shell_risk_no_provenance_keeps_base ... ok
test security::file_provenance::tests::test_store_remove ... ok
test security::shell_risk::tests::test_assess_shell_risk_preexisting_keeps_base ... ok
test security::shell_risk::tests::test_assess_shell_risk_unknown_file_elevated ... ok
test security::file_provenance::tests::test_store_record_and_get ... ok
test security::shell_risk::tests::test_blocked_commands ... ok
test security::shell_risk::tests::test_high_risk_eval ... ok
test security::shell_risk::tests::test_high_risk_pipe_to_shell ... ok
test security::shell_risk::tests::test_high_risk_sudo ... ok
test security::shell_risk::tests::test_low_risk_commands ... ok
test security::shell_risk::tests::test_extract_executable_paths ... ok
test security::shell_risk::tests::test_medium_risk_commands ... ok
test security::shell_risk::tests::test_shell_risk_is_blocked ... ok
test security::shell_risk::tests::test_shell_risk_requires_approval ... ok
test security::shell_risk::tests::test_unknown_command_is_medium ... ok
test security::shell_risk::tests::test_path_execution_is_medium ... ok
test skills::parser::tests::test_parse_skill_md_invalid_yaml ... ok
test skills::parser::tests::test_parse_skill_md_empty_instructions ... ok
test skills::parser::tests::test_parse_skill_md_missing_frontmatter ... ok
test skills::parser::tests::test_parse_skill_md_minimal ... ok
test skills::parser::tests::test_parse_skill_md_basic ... ok
test skills::parser::tests::test_parse_skill_md_instructions ... ok
test skills::parser::tests::test_parse_skill_md_missing_name ... ok
test skills::parser::tests::test_parse_skill_md_missing_triggers ... ok
test skills::parser::tests::test_parse_skill_md_tested_models ... ok
test skills::parser::tests::test_parse_skill_md_tool_deps ... ok
test skills::parser::tests::test_parse_skill_md_triggers ... ok
test skills::parser::tests::test_parse_skill_md_with_platforms ... ok
test skills::parser::tests::test_parse_skill_md_with_source_draft ... ok
test security::fs_watcher::tests::test_watcher_creation ... ok
test skills::parser::tests::test_skill_registry_empty_instructions ... ok
test skills::parser::tests::test_skill_registry_build_skill_instructions ... ok
test skills::parser::tests::test_skill_registry_check_tool_deps ... ok
test skills::parser::tests::test_skill_registry_find_by_tool_dep ... ok
test skills::parser::tests::test_skill_registry_find_by_trigger ... ok
test skills::parser::tests::test_skill_registry_new ... ok
test token::counter::tests::test_budget_allocation_default ... ok
test skills::parser::tests::test_skill_registry_find_by_trigger_case_insensitive ... ok
test token::counter::tests::test_budget_allocation_distributable ... ok
test token::counter::tests::test_budget_allocation_fixed_zone ... ok
test skills::parser::tests::test_skill_registry_register_and_get ... ok
test token::counter::tests::test_budget_allocation_history_budget ... ok
test token::counter::tests::test_budget_allocation_retrieval_budget ... ok
test token::counter::tests::test_budget_allocation_small_window ... ok
test token::counter::tests::test_budget_allocation_validity ... ok
test token::counter::tests::test_count_message_basic ... ok
test token::counter::tests::test_count_incremental ... ok
test token::counter::tests::test_count_message_with_name ... ok
test token::counter::tests::test_count_message_with_tool_calls ... ok
test token::counter::tests::test_count_messages_with_cache ... ok
test token::counter::tests::test_count_text_cjk ... ok
test token::counter::tests::test_count_text_english ... ok
test token::counter::tests::test_tier3_heuristic_empty ... ok
test token::counter::tests::test_count_text_mixed ... ok
test token::counter::tests::test_tier3_heuristic_english ... ok
test token::counter::tests::test_tier3_heuristic_single_char ... ok
test token::counter::tests::test_tier_classification ... ok
test token::counter::tests::test_update_observed_ratio ... ok
test tools::builtin::http_request::tests::test_http_request_default ... ok
test tools::builtin::http_request::tests::test_http_request_spec ... ok
test tools::builtin::http_request::tests::test_parse_method_case_insensitive ... ok
test tools::builtin::http_request::tests::test_http_request_invalid_scheme ... ok
test tools::builtin::http_request::tests::test_parse_method_default ... ok
test tools::builtin::http_request::tests::test_build_request_body_get_no_body ... ok
test tools::builtin::http_request::tests::test_http_request_missing_url ... ok
test tools::builtin::http_request::tests::test_parse_method_delete ... ok
test tools::builtin::http_request::tests::test_parse_method_post ... ok
test tools::builtin::http_request::tests::test_parse_method_put ... ok
test tools::builtin::identity_observe::tests::test_identity_observe_custom_callback ... ok
test tools::builtin::identity_observe::tests::test_identity_observe_basic ... ok
test tools::builtin::identity_observe::tests::test_identity_observe_empty_fields ... ok
test tools::builtin::identity_observe::tests::test_identity_observe_default_callback ... ok
test tools::builtin::identity_observe::tests::test_identity_observe_spec ... ok
test tools::builtin::identity_observe::tests::test_identity_observe_missing_fields ... ok
test tools::builtin::identity_observe::tests::test_identity_observe_unknown_field ... ok
test tools::builtin::identity_query::tests::test_identity_query_include_confidence_false ... ok
test tools::builtin::identity_query::tests::test_identity_query_spec ... ok
test tools::builtin::identity_query::tests::test_identity_query_no_fields ... ok
test tools::builtin::identity_query::tests::test_identity_query_invalid_field ... ok
test tools::builtin::identity_query::tests::test_identity_query_specific_fields ... ok
test tools::builtin::identity_store::tests::test_identity_store_basic ... ok
test tools::builtin::identity_store::tests::test_identity_store_confidence_clamped ... ok
test tools::builtin::identity_query::tests::test_identity_query_system_agent ... ok
test tools::builtin::identity_store::tests::test_identity_store_empty_field ... ok
test tools::builtin::identity_store::tests::test_identity_store_empty_value ... ok
test tools::builtin::identity_store::tests::test_identity_store_spec ... ok
test tools::builtin::identity_store::tests::test_identity_store_missing_value ... ok
test tools::builtin::identity_store::tests::test_identity_store_with_confidence_and_source ... ok
test tools::builtin::identity_store::tests::test_identity_store_missing_field ... ok
test tools::builtin::intent_send::tests::test_intent_send_basic ... ok
test tools::builtin::intent_send::tests::test_intent_send_async_mode ... ok
test tools::builtin::intent_send::tests::test_intent_send_empty_params ... ok
test tools::builtin::intent_send::tests::test_intent_send_invalid_target ... ok
test tools::builtin::intent_send::tests::test_intent_send_missing_target ... ok
test tools::builtin::intent_send::tests::test_intent_send_missing_action ... ok
test tools::builtin::intent_send::tests::test_intent_send_spec ... ok
test tools::builtin::memory_recall::tests::test_memory_recall_combined ... ok
test tools::builtin::memory_recall::tests::test_memory_recall_invalid_search_mode ... ok
test tools::builtin::memory_recall::tests::test_memory_recall_invalid_since ... ok
test tools::builtin::memory_recall::tests::test_memory_recall_limit_capped ... ok
test tools::builtin::memory_recall::tests::test_memory_recall_since_after_until ... ok
test tools::builtin::memory_recall::tests::test_memory_recall_spec ... ok
test tools::builtin::memory_recall::tests::test_memory_recall_no_filters ... ok
test tools::builtin::memory_recall::tests::test_memory_recall_valid_search_modes ... ok
test tools::builtin::memory_recall::tests::test_memory_recall_with_query ... ok
test tools::builtin::memory_recall::tests::test_memory_recall_with_since ... ok
test tools::builtin::memory_recall::tests::test_memory_recall_with_time_range ... ok
test tools::builtin::memory_store::tests::test_memory_store_basic ... ok
test tools::builtin::memory_store::tests::test_memory_store_empty_content ... ok
test tools::builtin::memory_store::tests::test_memory_store_invalid_category ... ok
test tools::builtin::memory_store::tests::test_memory_store_missing_content ... ok
test tools::builtin::memory_store::tests::test_memory_store_spec ... ok
test tools::builtin::memory_store::tests::test_memory_store_missing_key ... ok
test tools::builtin::memory_store::tests::test_memory_store_with_category_daily ... ok
test tools::builtin::memory_store::tests::test_memory_store_with_custom_category ... ok
test tools::builtin::rag_query::tests::test_rag_query_tool_spec ... ok
test tools::builtin::rag_query::tests::test_rag_query_tool_missing_query ... ok
test tools::builtin::rag_query::tests::test_rag_query_tool_empty_query ... ok
test tools::permission::tests::test_rag_endpoint_must_be_https ... ok
test tools::permission::tests::test_rag_query_both_permissions_ok ... ok
test tools::permission::tests::test_rag_query_missing_network_permission ... ok
test tools::permission::tests::test_rag_query_missing_rag_query_permission ... ok
test tools::permission::tests::test_rag_query_scoped_permissions_ok ... ok
test tools::permission::tests::test_tool_required_permission_http_request ... ok
test tools::permission::tests::test_rag_query_wrong_network_scope_denied ... ok
test tools::permission::tests::test_tool_required_permission_identity_store ... ok
test tools::permission::tests::test_tool_required_permission_intent_send ... ok
test tools::permission::tests::test_tool_required_permission_memory_recall ... ok
test tools::permission::tests::test_tool_required_permission_memory_store ... ok
test tools::permission::tests::test_tool_required_permission_rag_query ... ok
test tools::permission::tests::test_tool_required_permission_shell ... ok
test tools::permission::tests::test_tool_required_permission_unknown ... ok
test tools::permission::tests::test_validate_permission_empty_tools_any_allowed ... ok
test tools::permission::tests::test_validate_permission_all_allowed ... ok
test tools::permission::tests::test_validate_permission_missing_permission ... ok
test tools::permission::tests::test_validate_permission_missing_tool_declaration ... ok
test tools::permission::tests::test_validate_rag_network_whitelist_no_rag_config ... ok
test tools::permission::tests::test_validate_rag_network_whitelist_broad_network ... ok
test tools::permission::tests::test_validate_rag_network_whitelist_scoped_match ... ok
test tools::permission::tests::test_validate_rag_network_whitelist_scoped_mismatch ... ok
test tools::permission_checker::tests::test_add_grant_at_runtime ... ok
test tools::permission_checker::tests::test_check_auto_approved ... ok
test tools::permission_checker::tests::test_check_broad_grant_covers_narrow ... ok
test tools::permission_checker::tests::test_check_denied_not_in_cache ... ok
test tools::permission_checker::tests::test_check_granted_from_cache ... ok
test tools::permission_checker::tests::test_check_needs_request ... ok
test tools::permission_checker::tests::test_expired_grant_not_honored ... ok
test tools::permission_checker::tests::test_invalidate_all ... ok
test tools::permission_checker::tests::test_is_granted ... ok
test tools::permission_checker::tests::test_rag_query_broad_grant_covers_scoped ... ok
test tools::permission_checker::tests::test_rag_query_default_policy_needs_request ... ok
test tools::permission_checker::tests::test_rag_query_scoped_grant_does_not_cover_broad ... ok
test tools::permission_checker::tests::test_refresh_cache ... ok
test tools::rag::client::tests::test_annotate_results ... ok
test tools::rag::client::tests::test_rag_auth_credential_variants ... ok
test tools::rag::client::tests::test_rag_auth_from_vault_ref ... ok
test tools::rag::client::tests::test_rag_client_config_from_manifest ... ok
test tools::rag::client::tests::test_rag_client_new ... ok
test tools::rag::client::tests::test_vault_provider_name ... ok
test tools::rag::types::tests::test_annotated_rag_result ... ok
test tools::rag::types::tests::test_rag_query_request_new ... ok
test tools::rag::types::tests::test_rag_query_request_roundtrip ... ok
test tools::rag::types::tests::test_rag_query_request_serialization ... ok
test tools::rag::types::tests::test_rag_query_response_deserialization ... ok
test tools::rag::types::tests::test_rag_query_response_roundtrip ... ok
test tools::registry::tests::test_registry_default ... ok
test tools::registry::tests::test_registry_register_and_get ... ok
test tools::registry::tests::test_registry_tool_names ... ok
test tools::registry::tests::test_registry_activate_with_manifest_tools ... ok
test tools::registry::tests::test_registry_activate_no_manifest_tools ... ok
test tools::wrappers::tests::test_path_guarded_allows_within_dir ... ok
test tools::wrappers::tests::test_path_guarded_blocks_outside_dir ... ok
test tools::wrappers::tests::test_path_guarded_blocks_prefix_suffix_attack ... ok
test tools::wrappers::tests::test_path_guarded_blocks_traversal ... ok
test tools::wrappers::tests::test_path_guarded_non_filesystem_tool ... ok
test tools::wrappers::tests::test_path_guarded_relative_path ... ok
test tools::wrappers::tests::test_rate_limited_allows_within_limit ... ok
test tools::wrappers::tests::test_rate_limited_blocks_over_limit ... ok
test security::fs_watcher::tests::test_recv_events_timeout_returns_empty ... ok
test agent::loop_::tests::test_tool_parallel_execution ... ok
test agent::loop_::tests::test_tool_timeout_vs_iteration_timeout_independent ... ok
test agent::loop_::tests::test_tool_timeout ... ok
test tools::rag::client::tests::test_rag_client_query_timeout_degrades ... ok
test tools::builtin::rag_query::tests::test_rag_query_tool_timeout_degrades_gracefully ... ok
test agent::loop_::tests::test_iteration_timeout_partial_results ... ok
test conversation::tests::test_session_resume ... ok
test conversation::tests::test_conversation_writer_basic ... ok
test security::fs_watcher::tests::test_recv_events_detects_file_creation ... ok

test result: ok. 356 passed; 0 failed; 0 ignored; 0 measured; 0 filtered out; finished in 0.24s

     Running unittests src\main.rs (F:\work\tranxon\rollball-ai\target\debug\deps\rollball_runtime-09fe122c74bc1d6f.exe)

running 0 tests

test result: ok. 0 passed; 0 failed; 0 ignored; 0 measured; 0 filtered out; finished in 0.00s

     Running tests\e2e_weather_agent.rs (F:\work\tranxon\rollball-ai\target\debug\deps\e2e_weather_agent-bc8415e33b9cb486.exe)

running 6 tests
test test_e2e_weather_mock_tool_execution ... ok
test test_e2e_weather_tool_spec_available ... ok
test test_e2e_weather_manifest_loads_correctly ... ok
test test_e2e_weather_text_only_response ... ok
test test_e2e_weather_simple_query ... ok
test test_e2e_weather_with_memory_store ... ok

test result: ok. 6 passed; 0 failed; 0 ignored; 0 measured; 0 filtered out; finished in 0.00s

     Running tests\history_recovery_e2e.rs (F:\work\tranxon\rollball-ai\target\debug\deps\history_recovery_e2e-b653ddf3700a7c84.exe)

running 8 tests
test test_llm_tool_call_with_proper_tool_call_id ... ignored
test test_sanitize_mixed_corruption ... ok
test test_sanitize_preserves_valid_history ... ok
test test_sanitize_is_idempotent ... ok
test test_sanitize_orphaned_tool_result ... ok
test test_sanitize_invalid_tool_call_arguments ... ok
test test_sanitize_orphaned_tool_call ... ok
test test_agent_restart_with_polluted_history_no_400 ... ok

test result: ok. 7 passed; 0 failed; 1 ignored; 0 measured; 0 filtered out; finished in 0.01s

     Running tests\llm_integration.rs (F:\work\tranxon\rollball-ai\target\debug\deps\llm_integration-e89e4b3c168d62a6.exe)

running 9 tests
test test_llm_accepts_builtin_tool_definitions ... ignored
test test_llm_multi_tool_call ... ignored
test test_llm_simple_chat_response ... ignored
test test_llm_streaming_text_content ... ignored
test test_llm_streaming_tool_call ... ignored
test test_llm_tool_call_arguments_valid_json ... ignored
test test_llm_tool_call_file_read ... ignored
test test_llm_tool_call_with_all_tools ... ignored
test test_llm_tool_result_roundtrip ... ignored

test result: ok. 0 passed; 0 failed; 9 ignored; 0 measured; 0 filtered out; finished in 0.00s

     Running tests\p3_security_integration.rs (F:\work\tranxon\rollball-ai\target\debug\deps\p3_security_integration-59ba61117e4a81bc.exe)

running 8 tests
test test_redteam_prompt_injection_shell_escape ... ok
test test_redteam_path_traversal_blocked ... ok
test test_redteam_permission_escalation_blocked ... ok
test test_shell_perm_blocked_command_still_blocked ... ok
test test_no_shell_permission_tool_unavailable ... ok
test test_shell_perm_high_risk_needs_approval ... ok
test test_redteam_downloaded_file_execution_chain ... ok
test test_shell_perm_low_risk_auto_approved ... ok

test result: ok. 8 passed; 0 failed; 0 ignored; 0 measured; 0 filtered out; finished in 0.03s

     Running tests\permission_checker_ipc.rs (F:\work\tranxon\rollball-ai\target\debug\deps\permission_checker_ipc-47617309f3269175.exe)

running 5 tests
test test_permission_checker_check_and_request_from_cache ... ok
test test_permission_checker_grant_caches_future_checks ... ok
test test_permission_checker_check_and_request_auto_approve ... ok
test test_permission_checker_cache_miss_deny_policy ... ok
test test_permission_checker_check_and_request_no_ipc ... ok

test result: ok. 5 passed; 0 failed; 0 ignored; 0 measured; 0 filtered out; finished in 0.01s

     Running tests\rag_integration.rs (F:\work\tranxon\rollball-ai\target\debug\deps\rag_integration-5ddf71ce46d62c55.exe)

running 42 tests
test test_rag_auth_credential_bearer ... ok
test test_rag_annotated_result_source_label ... ok
test test_permission_rag_query_does_not_cross_match_network ... ok
test test_permission_rag_query_broad_covers_narrow ... ok
test test_permission_rag_query_same_scope_matches ... ok
test test_rag_auth_credential_api_key ... ok
test test_permission_rag_query_different_scope_no_match ... ok
test test_rag_auth_credential_none ... ok
test test_manifest_no_rag_zero_intrusion ... ok
test test_no_rag_agent_zero_intrusion_permissions ... ok
test test_no_rag_agent_rag_tool_permission_denied ... ok
test test_rag_auth_from_vault_ref_api_key ... ok
test test_manifest_rag_declaration_detected ... ok
test test_rag_auth_from_vault_ref_bearer ... ok
test test_rag_auth_from_vault_ref_no_auth ... ok
test test_rag_dual_permission_both_granted ... ok
test test_rag_dual_permission_missing_both ... ok
test test_rag_network_whitelist_broad ... ok
test test_rag_network_whitelist_no_rag_config ... ok
test test_rag_http_endpoint_rejected ... ok
test test_rag_network_whitelist_missing_network_perm ... ok
test test_rag_protocol_request_serialization ... ok
test test_rag_protocol_response_deserialization ... ok
test test_memory_manager_no_rag_identical_to_phase3 ... ok
test test_memory_manager_no_rag_single_channel ... ok
test test_rag_scoped_network_mismatch_denied ... ok
test test_rag_query_tool_missing_query_param ... ok
test test_rag_query_tool_spec ... ok
test test_rag_query_tool_empty_query_param ... ok
test test_rag_query_tool_whitespace_query_rejected ... ok
test test_rag_scoped_permission_matches_endpoint ... ok
test test_rag_client_mock_server_bearer_auth ... ok
test test_rag_client_mock_server_sends_protocol_version ... ok
test test_rag_query_tool_e2e_custom_params ... ok
test test_rag_client_mock_server_success ... ok
test test_rag_client_mock_server_empty_results ... ok
test test_rag_client_mock_server_error_degrades ... ok
test test_rag_client_mock_server_api_key_auth ... ok
test test_rag_query_tool_e2e_with_mock_server ... ok
test test_memory_manager_with_rag_dual_channel ... ok
test test_memory_manager_rag_degradation_graceful ... ok
test test_rag_query_tool_timeout_graceful_degradation ... ok

test result: ok. 42 passed; 0 failed; 0 ignored; 0 measured; 0 filtered out; finished in 0.12s

     Running tests\runtime_main_loop.rs (F:\work\tranxon\rollball-ai\target\debug\deps\runtime_main_loop-8fdf1f4774af0f80.exe)

running 3 tests
test test_agent_loop_text_response ... ok
test test_agent_loop_tool_call_then_text ... ok
test test_agent_loop_deduplication ... ok

test result: ok. 3 passed; 0 failed; 0 ignored; 0 measured; 0 filtered out; finished in 0.00s

     Running tests\s56_multi_agent_collab.rs (F:\work\tranxon\rollball-ai\target\debug\deps\s56_multi_agent_collab-54e36120dea67081.exe)

running 15 tests
test test_s56_intent_privacy_filter_in_collaboration ... ok
test test_s56_weather_intent_tool_spec_matches ... ok
test test_s56_doc_writer_manifest_validation ... ok
test test_s56_calendar_manifest_capabilities ... ok
test test_s56_calendar_capability_registry_integration ... ok
test test_s56_full_capability_registry_with_all_agents ... ok
test test_s56_intent_routing_with_capabilities ... ok
test test_s56_multi_agent_capability_cross_registration ... ok
test test_s56_all_example_manifests_parse_correctly ... ok
test test_s56_calendar_create_event ... ok
test test_s56_calendar_query_events ... ok
test test_s56_doc_writer_revise_section ... ok
test test_s56_calendar_delete_event ... ok
test test_s56_weather_to_calendar_collaboration ... ok
test test_s56_doc_writer_multi_step_outline_and_write ... ok

test result: ok. 15 passed; 0 failed; 0 ignored; 0 measured; 0 filtered out; finished in 0.01s

     Running tests\s5_integration.rs (F:\work\tranxon\rollball-ai\target\debug\deps\s5_integration-87d610e69761203d.exe)

running 17 tests
test test_s5_budget_allocation_with_manifest ... ok
test test_s5_budget_enforcement_blocks ... ok
test test_s5_budget_unlimited ... ok
test test_s5_budget_cost_enforcement ... ok
test test_s5_routing_strategy_config ... ok
test test_s5_manifest_budget_config ... ok
test test_s5_identity_deps_in_manifest ... ok
test test_s5_streaming_events_structure ... ok
test test_s5_manifest_routing_config ... ok
test test_s5_tiered_token_counting ... ok
test test_s5_identity_injection_in_context ... ok
test test_s5_anthropic_provider_creation ... ok
test test_s5_anthropic_custom_base_url ... ok
test test_s5_router_supports_anthropic ... ok
test test_s5_provider_registry_multi_provider ... ok
test test_s5_intent_cross_agent_call ... ok
test test_s5_memory_persistence ... ok

test result: ok. 17 passed; 0 failed; 0 ignored; 0 measured; 0 filtered out; finished in 0.01s

     Running tests\shell_security_integration.rs (F:\work\tranxon\rollball-ai\target\debug\deps\shell_security_integration-d2857a4e9bdb166e.exe)

running 10 tests
test test_audit_log_end_to_end ... ok
test test_full_pipeline_sudo_high_risk ... ok
test test_full_pipeline_download_then_execute_blocked ... ok
test test_full_pipeline_unknown_file_elevated ... ok
test test_full_pipeline_pipe_to_shell_high_risk ... ok
test test_full_pipeline_preexisting_file_medium_risk ... ok
test test_full_pipeline_safe_command_auto_approved ... ok
test test_full_pipeline_tool_created_file_medium_risk ... ok
test test_full_pipeline_blocked_command_never_executes ... ok
test test_full_pipeline_download_then_execute_approved ... ok

test result: ok. 10 passed; 0 failed; 0 ignored; 0 measured; 0 filtered out; finished in 0.02s

     Running tests\tool_call_e2e.rs (F:\work\tranxon\rollball-ai\target\debug\deps\tool_call_e2e-560af9d6d760eb13.exe)

running 45 tests
test test_convert_tools_with_empty_array ... ok
test test_convert_tools_with_none_input ... ok
test test_convert_tools_with_non_object_parameters ... ok
test test_convert_tools_with_valid_parameters ... ok
test test_convert_tools_with_missing_parameters ... ok
test test_convert_tools_preserves_all_builtin_tools ... ok
test test_file_edit_missing_required_params ... ok
test test_all_builtin_tools_count ... ok
test test_content_search_empty_pattern ... ok
test test_file_read_empty_path_parameter ... ok
test test_all_builtin_tools_have_unique_names ... ok
test test_content_search_invalid_regex ... ok
test test_file_read_path_traversal_blocked ... ok
test test_identity_store_and_query ... ok
test test_intent_send_invalid_target ... ok
test test_file_read_nonexistent_path ... ok
test test_file_edit_old_text_not_found ... ok
test test_file_edit_valid ... ok
test test_file_edit_ambiguous_match ... ok
test test_memory_recall_no_filters ... ok
test test_intent_send_valid ... ok
test test_memory_store_and_recall ... ok
test test_memory_store_default_category ... ok
test test_memory_store_missing_key ... ok
test test_file_read_valid_path ... ok
test test_provider_error_does_not_crash_runtime ... ok
test test_file_read_with_line_range ... ok
test test_content_search_no_matches ... ok
test test_toolspec_serialization_roundtrip ... ok
test test_content_search_valid ... ok
test test_file_write_empty_path ... ok
test test_glob_search_empty_pattern ... ok
test test_glob_search_no_matches ... ok
test test_shell_command_empty ... ok
test test_shell_command_missing_param ... ok
test test_tool_call_with_empty_arguments ... ok
test test_tool_call_with_invalid_json_arguments ... ok
test test_tool_definition_parameters_serialization ... ok
test test_unknown_tool_returns_error_not_panic ... ok
test test_glob_search_recursive_pattern ... ok
test test_file_write_creates_subdirectory ... ok
test test_tool_call_with_valid_json_arguments ... ok
test test_file_write_and_read_roundtrip ... ok
test test_multiple_concurrent_tool_calls ... ok
test test_glob_search_valid ... ok

test result: ok. 45 passed; 0 failed; 0 ignored; 0 measured; 0 filtered out; finished in 0.04s

     Running tests\tool_call_stress.rs (F:\work\tranxon\rollball-ai\target\debug\deps\tool_call_stress-43c7859a3e7d1fc0.exe)

running 6 tests
test stress_test_concurrent_file_operations ... ok
test stress_test_alternating_success_and_failure ... ok
test stress_test_rapid_tool_calls ... ok
test stress_test_concurrent_content_search ... ok
test stress_test_glob_search_many_files ... ok
test stress_test_tool_spec_serialization_roundtrip ... ok

test result: ok. 6 passed; 0 failed; 0 ignored; 0 measured; 0 filtered out; finished in 0.50s

     Running tests\wasm_tool_integration.rs (F:\work\tranxon\rollball-ai\target\debug\deps\wasm_tool_integration-1d2e1a65620034ff.exe)

running 0 tests

test result: ok. 0 passed; 0 failed; 0 ignored; 0 measured; 0 filtered out; finished in 0.00s

   Doc-tests rollball_runtime

running 1 test
test rollball-runtime\src\tools\rag\client.rs - tools::rag::client::RagAuthCredential::vault_provider_name (line 61) ... ok

test result: ok. 1 passed; 0 failed; 0 ignored; 0 measured; 0 filtered out; finished in 0.02s

all doctests ran in 3.91s; merged doctests compilation took 2.50s
